python : 2025-08-10 
19:15:31,443 - __main__ - 
INFO - \u2705 Conectividade 
com a internet: OK
No linha:1 caractere:1
+ python 
test_internet_connection.py > 
test_output.txt 2>&1
+ ~~~~~~~~~~~~~~~~~~~~~~~~~~~~
~~~~~~~~~~~~~~~~~~~~~~~~~~~~~
    + CategoryInfo          : 
    NotSpecified: (2025-08-1  
  0 19:1... a internet: OK:   
 String) [], RemoteExcepti    
on
    + FullyQualifiedErrorId : 
    NativeCommandError
 
2025-08-10 19:15:31,444 - 
__main__ - INFO - Testando 
conexÒo com a API do 
Telegram...
2025-08-10 19:15:31,444 - 
__main__ - INFO - URL: https:/
/api.telegram.org/bot847868074
1:AAHguaQAL1bTDTqr3AQke1BqAqLe
iv1TXnQ/getMe
2025-08-10 19:15:32,108 - 
__main__ - INFO - \u2705 
ConexÒo com a API do 
Telegram: OK
2025-08-10 19:15:32,108 - 
__main__ - INFO - \U0001f916 
Nome do bot: Garimpeiro Geek
2025-08-10 19:15:32,108 - 
__main__ - INFO - \U0001f464 
Usußrio: @GarimpeiroGeek_bot
2025-08-10 19:15:32,108 - 
__main__ - INFO - \U0001f194 
ID: 8478680741

=== Teste de Conectividade ===

Traceback (most recent call 
last):
  File "C:\Users\Eduardo Vitor
ino\CascadeProjects\windsurf-p
roject\test_internet_connectio
n.py", line 78, in <module>
    main()
    ~~~~^^
  File "C:\Users\Eduardo Vitor
ino\CascadeProjects\windsurf-p
roject\test_internet_connectio
n.py", line 71, in main
    print("\n\u2705 Testes 
concluÝdos com sucesso! O bot 
deve estar funcionando 
corretamente.")
    ~~~~~^^^^^^^^^^^^^^^^^^^^^
^^^^^^^^^^^^^^^^^^^^^^^^^^^^^^
^^^^^^^^^^^^^^^^^^^^^^^^^^^^^^
^
  File "C:\Python313\Lib\encod
ings\cp1252.py", line 19, in 
encode
    return codecs.charmap_enco
de(input,self.errors,encoding_
table)[0]
           ~~~~~~~~~~~~~~~~~~~
~~^^^^^^^^^^^^^^^^^^^^^^^^^^^^
^^^^^^
UnicodeEncodeError: 'charmap' 
codec can't encode character 
'\u2705' in position 2: 
character maps to <undefined>
