python : Traceback (most recent 
call last):
No linha:1 caractere:1
+ python -u test_integration.py > 
test_output.log 2>&1
+ ~~~~~~~~~~~~~~~~~~~~~~~~~~~~~~~~
~~~~~~~~~~~~~~~~~~~~
    + CategoryInfo          : Not 
   Specified: (Traceback (most r  
  ecent call last)::String) [],   
  RemoteException
    + FullyQualifiedErrorId : Nat 
   iveCommandError
 
  File "C:\Users\Eduardo Vitorino\
CascadeProjects\windsurf-project\t
est_integration.py", line 17, in 
<module>
    import config
  File "C:\Users\Eduardo Vitorino\
CascadeProjects\windsurf-project\c
onfig.py", line 23, in <module>
    print("\u26a0\ufe0f  Aviso: 
Credenciais da Amazon PA-API nÒo 
configuradas. A funcionalidade da 
Amazon estarß desativada.")
    ~~~~~^^^^^^^^^^^^^^^^^^^^^^^^^
^^^^^^^^^^^^^^^^^^^^^^^^^^^^^^^^^^
^^^^^^^^^^^^^^^^^^^^^^^^^^^^^^^^^^
^^^^^^^^^^^^^^
  File "C:\Python313\Lib\encodings
\cp1252.py", line 19, in encode
    return codecs.charmap_encode(i
nput,self.errors,encoding_table)[0
]
           ~~~~~~~~~~~~~~~~~~~~~^^
^^^^^^^^^^^^^^^^^^^^^^^^^^^^^^^^
UnicodeEncodeError: 'charmap' 
codec can't encode characters in 
position 0-1: character maps to 
<undefined>
